[2026-07-07 00:00:00] ERROR : Cron Job Error : getaddrinfo ENOTFOUND mysql.railway.internal
[2026-07-07 00:01:00] ERROR : Cron Job Error : getaddrinfo ENOTFOUND mysql.railway.internal
[2026-07-07 00:02:00] ERROR : Cron Job Error : getaddrinfo ENOTFOUND mysql.railway.internal
[2026-07-07 00:03:00] ERROR : Cron Job Error : getaddrinfo ENOTFOUND mysql.railway.internal
[2026-07-07 00:04:00] ERROR : Cron Job Error : getaddrinfo ENOTFOUND mysql.railway.internal
[2026-07-07 00:05:00] ERROR : Cron Job Error : getaddrinfo ENOTFOUND mysql.railway.internal
[2026-07-07 00:06:00] ERROR : Cron Job Error : getaddrinfo ENOTFOUND mysql.railway.internal
[2026-07-07 00:07:00] ERROR : Cron Job Error : getaddrinfo ENOTFOUND mysql.railway.internal
[2026-07-07 00:08:00] ERROR : Cron Job Error : getaddrinfo ENOTFOUND mysql.railway.internal
[2026-07-07 00:09:00] ERROR : Cron Job Error : getaddrinfo ENOTFOUND mysql.railway.internal
[2026-07-07 00:10:00] ERROR : Cron Job Error : getaddrinfo ENOTFOUND mysql.railway.internal
[2026-07-07 00:11:00] ERROR : Cron Job Error : getaddrinfo ENOTFOUND mysql.railway.internal
[2026-07-07 00:12:00] ERROR : Cron Job Error : getaddrinfo ENOTFOUND mysql.railway.internal
[2026-07-07 00:13:00] ERROR : Cron Job Error : getaddrinfo ENOTFOUND mysql.railway.internal
[2026-07-07 00:14:00] ERROR : Cron Job Error : getaddrinfo ENOTFOUND mysql.railway.internal
[2026-07-07 00:15:00] ERROR : Cron Job Error : getaddrinfo ENOTFOUND mysql.railway.internal
[2026-07-07 00:15:36] INFO : Server Running On Port 5000
[2026-07-07 00:15:36] ERROR : Database Connection Failed : getaddrinfo ENOTFOUND mysql.railway.internal
[2026-07-07 00:16:05] INFO : Server Running On Port 5000
[2026-07-07 00:16:06] ERROR : Database Connection Failed : getaddrinfo ENOTFOUND mysql.railway.internal
[2026-07-07 00:17:00] ERROR : Cron Job Error : getaddrinfo ENOTFOUND mysql.railway.internal
[2026-07-07 00:18:00] ERROR : Cron Job Error : getaddrinfo ENOTFOUND mysql.railway.internal
[2026-07-07 00:19:00] ERROR : Cron Job Error : getaddrinfo ENOTFOUND mysql.railway.internal
[2026-07-07 00:20:00] ERROR : Cron Job Error : getaddrinfo ENOTFOUND mysql.railway.internal
[2026-07-07 00:21:00] ERROR : Cron Job Error : getaddrinfo ENOTFOUND mysql.railway.internal
[2026-07-07 00:22:00] ERROR : Cron Job Error : getaddrinfo ENOTFOUND mysql.railway.internal
[2026-07-07 00:23:51] INFO : Server Running On Port 5000
[2026-07-07 00:23:51] INFO : MySQL Connected Successfully
[2026-07-07 00:24:00] INFO : Notification Created For Task ID : 9
[2026-07-07 01:07:55] INFO : Employee Controller => deleteEmployee
[2026-07-07 01:08:03] INFO : Employee Controller => deleteEmployee
[2026-07-07 01:08:03] ERROR : Employee Service => deleteEmployee : Cannot delete or update a parent row: a foreign key constraint fails (`task_management_system`.`tasks`, CONSTRAINT `fk_employee` FOREIGN KEY (`employee_id`) REFERENCES `employees` (`id`))
[2026-07-07 01:08:11] INFO : Employee Controller => deleteEmployee
[2026-07-07 01:08:11] ERROR : Employee Service => deleteEmployee : Cannot delete or update a parent row: a foreign key constraint fails (`task_management_system`.`tasks`, CONSTRAINT `fk_employee` FOREIGN KEY (`employee_id`) REFERENCES `employees` (`id`))
[2026-07-07 01:19:06] INFO : Employee Controller => deleteEmployee
[2026-07-07 01:19:07] ERROR : Employee Service => deleteEmployee : Cannot delete or update a parent row: a foreign key constraint fails (`task_management_system`.`tasks`, CONSTRAINT `fk_employee` FOREIGN KEY (`employee_id`) REFERENCES `employees` (`id`))
[2026-07-07 01:24:55] INFO : Authentication Controller => login
[2026-07-07 01:24:57] INFO : Notification Controller => getAllNotifications
[2026-07-07 01:24:57] INFO : Dashboard Controller => getDashboard
[2026-07-07 01:25:00] INFO : Employee Controller => getAllEmployees
[2026-07-07 01:25:18] INFO : Employee Controller => deleteEmployee
[2026-07-07 01:27:42] INFO : Employee Controller => deleteEmployee
[2026-07-07 01:28:59] INFO : Authentication Controller => login
[2026-07-07 01:29:01] INFO : Notification Controller => getAllNotifications
[2026-07-07 01:29:01] INFO : Dashboard Controller => getDashboard
[2026-07-07 01:29:05] INFO : Employee Controller => getAllEmployees
[2026-07-07 01:29:20] INFO : Employee Controller => deleteEmployee
[2026-07-07 01:29:20] ERROR : Employee Service => deleteEmployee : Cannot delete or update a parent row: a foreign key constraint fails (`task_management_system`.`tasks`, CONSTRAINT `fk_employee` FOREIGN KEY (`employee_id`) REFERENCES `employees` (`id`))
[2026-07-07 01:29:59] INFO : Task Controller => getAllTasks
[2026-07-07 01:30:05] INFO : Task Controller => deleteTask
[2026-07-07 01:30:05] INFO : Task Controller => getAllTasks
[2026-07-07 01:30:18] INFO : Employee Controller => getAllEmployees
[2026-07-07 01:30:22] INFO : Employee Controller => deleteEmployee
[2026-07-07 01:30:22] INFO : Employee Controller => getAllEmployees
[2026-07-07 01:30:33] INFO : Employee Controller => deleteEmployee
[2026-07-07 01:30:33] INFO : Employee Controller => getAllEmployees
[2026-07-07 01:30:40] INFO : Employee Controller => deleteEmployee
[2026-07-07 01:30:40] ERROR : Employee Service => deleteEmployee : Cannot delete or update a parent row: a foreign key constraint fails (`task_management_system`.`tasks`, CONSTRAINT `fk_employee` FOREIGN KEY (`employee_id`) REFERENCES `employees` (`id`))
[2026-07-07 01:38:00] INFO : Server Running On Port 5000
[2026-07-07 01:38:00] INFO : MySQL Connected Successfully
[2026-07-07 01:38:17] INFO : Notification Controller => getAllNotifications
[2026-07-07 01:38:17] INFO : Employee Controller => getAllEmployees
[2026-07-07 01:38:52] INFO : Employee Controller => deleteEmployee
[2026-07-07 01:42:02] INFO : Notification Controller => getAllNotifications
[2026-07-07 01:42:02] INFO : Employee Controller => getAllEmployees
[2026-07-07 01:42:05] INFO : Employee Controller => deleteEmployee
[2026-07-07 12:37:38] INFO : Server Running On Port 5000
[2026-07-07 12:37:39] INFO : MySQL Connected Successfully
[2026-07-07 12:37:55] INFO : Authentication Controller => login
[2026-07-07 12:37:57] INFO : Notification Controller => getAllNotifications
[2026-07-07 12:37:57] INFO : Dashboard Controller => getDashboard
[2026-07-07 12:38:11] INFO : Task Controller => getAllTasks
[2026-07-07 12:38:15] INFO : Task Controller => getTaskById
[2026-07-07 12:38:15] INFO : Employee Controller => getAllEmployees
[2026-07-07 12:39:49] INFO : Employee Controller => getAllEmployees
[2026-07-07 12:39:49] INFO : Task Controller => getTaskById
[2026-07-07 12:41:09] INFO : Employee Controller => getAllEmployees
[2026-07-07 12:41:09] INFO : Task Controller => getTaskById
[2026-07-07 12:43:29] INFO : Employee Controller => getAllEmployees
[2026-07-07 12:43:29] INFO : Task Controller => getTaskById
[2026-07-07 12:43:43] INFO : Employee Controller => getAllEmployees
[2026-07-07 12:43:43] INFO : Task Controller => getTaskById
[2026-07-07 12:44:25] INFO : Employee Controller => getAllEmployees
[2026-07-07 12:44:32] INFO : Task Controller => getAllTasks
[2026-07-07 12:44:35] INFO : Employee Controller => getAllEmployees
[2026-07-07 12:44:35] INFO : Task Controller => getTaskById
[2026-07-07 12:44:42] INFO : Employee Controller => getAllEmployees
[2026-07-07 12:44:42] INFO : Task Controller => getTaskById
[2026-07-07 12:44:50] INFO : Employee Controller => getAllEmployees
[2026-07-07 12:44:50] INFO : Task Controller => getTaskById
[2026-07-07 12:45:01] INFO : Employee Controller => getAllEmployees
[2026-07-07 12:45:10] INFO : Dashboard Controller => getDashboard
[2026-07-07 12:45:14] INFO : Report Controller => taskReport
[2026-07-07 12:45:18] INFO : Task Controller => getAllTasks
[2026-07-07 12:45:20] INFO : Employee Controller => getAllEmployees
[2026-07-07 12:45:20] INFO : Task Controller => getTaskById
[2026-07-07 12:55:43] INFO : Employee Controller => getAllEmployees
[2026-07-07 12:55:43] INFO : Task Controller => getTaskById
[2026-07-07 12:56:15] INFO : Employee Controller => getAllEmployees
[2026-07-07 12:56:15] INFO : Task Controller => getTaskById
[2026-07-07 12:58:23] INFO : Employee Controller => getAllEmployees
[2026-07-07 12:58:23] INFO : Task Controller => getTaskById
[2026-07-07 12:59:45] INFO : Employee Controller => getAllEmployees
[2026-07-07 12:59:45] INFO : Task Controller => getTaskById
[2026-07-07 12:59:59] INFO : Task Controller => getAllTasks
[2026-07-07 12:59:59] INFO : Notification Controller => getAllNotifications
[2026-07-07 13:00:02] INFO : Employee Controller => getAllEmployees
[2026-07-07 13:00:02] INFO : Task Controller => getTaskById
[2026-07-07 13:00:08] INFO : Employee Controller => getAllEmployees
[2026-07-07 13:00:08] INFO : Task Controller => getTaskById
[2026-07-07 13:01:00] INFO : Employee Controller => getAllEmployees
[2026-07-07 13:01:01] INFO : Task Controller => getTaskById
[2026-07-07 13:05:30] INFO : Employee Controller => getAllEmployees
[2026-07-07 13:05:30] INFO : Task Controller => getTaskById
[2026-07-07 13:05:41] INFO : Task Controller => updateTask
[2026-07-07 13:05:44] INFO : Task Controller => getAllTasks
[2026-07-07 13:05:51] INFO : Employee Controller => getAllEmployees
[2026-07-07 13:05:51] INFO : Task Controller => getTaskById
[2026-07-07 13:06:03] INFO : Employee Controller => getAllEmployees
[2026-07-07 13:06:03] INFO : Task Controller => getTaskById
[2026-07-07 13:06:12] INFO : Task Controller => updateTask
[2026-07-07 13:06:19] INFO : Task Controller => updateTask
[2026-07-07 13:06:31] INFO : Task Controller => updateTask
[2026-07-07 13:07:00] INFO : Employee Controller => getAllEmployees
[2026-07-07 13:07:00] INFO : Task Controller => getTaskById
[2026-07-07 13:07:13] INFO : Task Controller => updateTask
[2026-07-07 13:07:16] INFO : Task Controller => getAllTasks
[2026-07-07 13:07:24] INFO : Employee Controller => getAllEmployees
[2026-07-07 13:07:24] INFO : Task Controller => getTaskById
[2026-07-07 13:08:25] INFO : Employee Controller => getAllEmployees
[2026-07-07 13:08:25] INFO : Task Controller => getTaskById
[2026-07-07 13:08:38] INFO : Task Controller => updateTask
[2026-07-07 13:08:42] INFO : Task Controller => getAllTasks
[2026-07-07 13:08:49] INFO : Employee Controller => getAllEmployees
[2026-07-07 13:08:49] INFO : Task Controller => getTaskById
[2026-07-07 13:08:55] INFO : Employee Controller => getAllEmployees
[2026-07-07 13:09:01] INFO : Task Controller => getAllTasks
[2026-07-07 13:09:03] INFO : Employee Controller => getAllEmployees
[2026-07-07 13:09:03] INFO : Task Controller => getTaskById
[2026-07-07 13:09:09] INFO : Report Controller => taskReport
[2026-07-07 13:09:13] INFO : Dashboard Controller => getDashboard
[2026-07-07 13:09:14] INFO : Employee Controller => getAllEmployees
[2026-07-07 13:09:16] INFO : Task Controller => getAllTasks
[2026-07-07 13:09:18] INFO : Report Controller => taskReport
[2026-07-07 13:09:21] INFO : Task Controller => getAllTasks
[2026-07-07 13:09:26] INFO : Employee Controller => getAllEmployees
[2026-07-07 13:17:26] INFO : Employee Controller => updateEmployeeStatus
[2026-07-07 13:20:26] INFO : Employee Controller => updateEmployeeStatus
[2026-07-07 13:23:36] INFO : Employee Controller => updateEmployeeStatus
[2026-07-07 13:23:42] INFO : Employee Controller => getAllEmployees
[2026-07-07 13:23:42] INFO : Notification Controller => getAllNotifications
[2026-07-07 13:23:49] INFO : Employee Controller => updateEmployeeStatus
[2026-07-07 13:24:01] INFO : Employee Controller => updateEmployeeStatus
[2026-07-07 13:24:59] INFO : Employee Controller => updateEmployeeStatus
[2026-07-07 13:25:09] INFO : Employee Controller => getAllEmployees
[2026-07-07 13:25:09] INFO : Notification Controller => getAllNotifications
[2026-07-07 13:25:14] INFO : Employee Controller => updateEmployeeStatus
[2026-07-07 13:25:14] INFO : Employee Controller => getAllEmployees
[2026-07-07 13:25:27] INFO : Employee Controller => updateEmployeeStatus
[2026-07-07 13:25:27] INFO : Employee Controller => getAllEmployees
[2026-07-07 13:25:35] INFO : Employee Controller => updateEmployeeStatus
[2026-07-07 13:25:35] INFO : Employee Controller => getAllEmployees
[2026-07-07 13:25:44] INFO : Employee Controller => updateEmployeeStatus
[2026-07-07 13:25:44] INFO : Employee Controller => getAllEmployees
[2026-07-07 13:25:56] INFO : Task Controller => getAllTasks
[2026-07-07 13:30:51] INFO : Server Running On Port 5000
[2026-07-07 13:30:51] INFO : MySQL Connected Successfully
[2026-07-07 13:31:33] INFO : Employee Controller => getAllEmployees
[2026-07-07 13:36:30] INFO : Task Controller => getAllTasks
[2026-07-07 13:36:36] INFO : Task Controller => updateTaskStatus
[2026-07-07 13:36:36] ERROR : Task Controller => updateTaskStatus : Cannot read properties of undefined (reading 'status')
[2026-07-07 13:38:15] INFO : Task Controller => updateTaskStatus
[2026-07-07 13:38:15] ERROR : Task Controller => updateTaskStatus : Cannot read properties of undefined (reading 'status')
[2026-07-07 13:38:22] INFO : Task Controller => getAllTasks
[2026-07-07 13:38:22] INFO : Notification Controller => getAllNotifications
[2026-07-07 13:38:25] INFO : Task Controller => updateTaskStatus
[2026-07-07 13:38:25] ERROR : Task Controller => updateTaskStatus : Cannot read properties of undefined (reading 'status')
[2026-07-07 13:39:32] INFO : Task Controller => updateTaskStatus
[2026-07-07 13:39:32] ERROR : Task Controller => updateTaskStatus : Cannot read properties of undefined (reading 'status')
[2026-07-07 13:43:21] INFO : Task Controller => updateTaskStatus
[2026-07-07 13:43:21] ERROR : Task Controller => updateTaskStatus : Cannot read properties of undefined (reading 'status')
[2026-07-07 13:43:27] INFO : Task Controller => getAllTasks
[2026-07-07 13:43:27] INFO : Notification Controller => getAllNotifications
[2026-07-07 13:43:30] INFO : Task Controller => updateTaskStatus
[2026-07-07 13:43:31] INFO : Task Controller => getAllTasks
[2026-07-07 13:43:36] INFO : Task Controller => updateTaskStatus
[2026-07-07 13:43:36] INFO : Task Controller => getAllTasks
[2026-07-07 13:43:50] INFO : Task Controller => updateTaskStatus
[2026-07-07 13:43:50] INFO : Task Controller => getAllTasks
[2026-07-07 13:43:56] INFO : Task Controller => updateTaskStatus
[2026-07-07 13:43:56] INFO : Task Controller => getAllTasks
[2026-07-07 13:46:31] INFO : Task Controller => updateTaskStatus
[2026-07-07 13:46:31] INFO : Task Controller => getAllTasks
[2026-07-07 13:46:35] INFO : Task Controller => updateTaskStatus
[2026-07-07 13:46:35] INFO : Task Controller => getAllTasks
[2026-07-07 13:46:42] INFO : Employee Controller => getAllEmployees
[2026-07-07 13:46:42] INFO : Task Controller => getTaskById
[2026-07-07 13:46:49] INFO : Task Controller => updateTask
[2026-07-07 13:47:26] INFO : Notification Controller => getAllNotifications
[2026-07-07 13:47:26] INFO : Task Controller => getAllTasks
[2026-07-07 13:47:29] INFO : Task Controller => updateTaskStatus
[2026-07-07 13:47:30] INFO : Task Controller => getAllTasks
[2026-07-07 13:47:37] INFO : Task Controller => updateTaskStatus
[2026-07-07 13:47:37] INFO : Task Controller => getAllTasks
[2026-07-07 13:47:42] INFO : Task Controller => updateTaskStatus
[2026-07-07 13:47:42] INFO : Task Controller => getAllTasks
[2026-07-07 13:49:17] INFO : Employee Controller => getAllEmployees
[2026-07-07 13:49:17] INFO : Task Controller => getTaskById
[2026-07-07 13:49:23] INFO : Employee Controller => getAllEmployees
[2026-07-07 13:49:23] INFO : Task Controller => getTaskById
[2026-07-07 13:49:29] INFO : Task Controller => updateTask
[2026-07-07 13:49:51] INFO : Task Controller => updateTaskStatus
[2026-07-07 13:49:51] INFO : Task Controller => getAllTasks
[2026-07-07 13:52:36] INFO : Task Controller => getAllTasks
[2026-07-07 13:52:36] INFO : Notification Controller => getAllNotifications
[2026-07-07 13:54:37] INFO : Notification Controller => getAllNotifications
[2026-07-07 13:54:37] INFO : Task Controller => getAllTasks
[2026-07-07 13:54:56] INFO : Employee Controller => getAllEmployees
[2026-07-07 13:55:00] INFO : Task Controller => getAllTasks
[2026-07-07 13:59:55] INFO : Employee Controller => getAllEmployees
[2026-07-07 13:59:57] INFO : Report Controller => taskReport
[2026-07-07 14:00:02] INFO : Employee Controller => getAllEmployees
[2026-07-07 14:03:04] INFO : Notification Controller => getAllNotifications
[2026-07-07 14:03:04] INFO : Employee Controller => getAllEmployees
[2026-07-07 14:03:08] INFO : Employee Controller => updateEmployeeStatus
[2026-07-07 14:03:08] INFO : Employee Controller => getAllEmployees
[2026-07-07 14:05:33] INFO : Notification Controller => getAllNotifications
[2026-07-07 14:05:33] INFO : Employee Controller => getAllEmployees
[2026-07-07 14:05:38] INFO : Employee Controller => updateEmployeeStatus
[2026-07-07 14:05:38] INFO : Employee Controller => getAllEmployees
[2026-07-07 14:07:44] INFO : Notification Controller => getAllNotifications
[2026-07-07 14:07:44] INFO : Employee Controller => getAllEmployees
[2026-07-07 14:07:49] INFO : Employee Controller => updateEmployeeStatus
[2026-07-07 14:07:49] INFO : Employee Controller => getAllEmployees
[2026-07-07 14:08:08] INFO : Report Controller => taskReport
[2026-07-07 14:09:54] INFO : Task Controller => getAllTasks
[2026-07-07 14:13:58] INFO : Notification Controller => getAllNotifications
[2026-07-07 14:13:58] INFO : Task Controller => getAllTasks
[2026-07-07 14:14:07] INFO : Report Controller => taskReport
[2026-07-07 14:14:09] INFO : Task Controller => getAllTasks
[2026-07-07 14:14:11] INFO : Employee Controller => getAllEmployees
[2026-07-07 14:14:14] INFO : Task Controller => getAllTasks
[2026-07-07 14:17:09] INFO : Report Controller => taskReport
[2026-07-07 14:17:17] INFO : Employee Controller => getAllEmployees
[2026-07-07 14:20:35] INFO : Task Controller => getAllTasks
[2026-07-07 14:20:40] INFO : Report Controller => taskReport
[2026-07-07 14:20:44] INFO : Task Controller => getAllTasks
[2026-07-07 14:20:47] INFO : Employee Controller => getAllEmployees
[2026-07-07 14:20:51] INFO : Employee Controller => updateEmployeeStatus
[2026-07-07 14:20:51] INFO : Employee Controller => getAllEmployees
[2026-07-07 14:21:03] INFO : Task Controller => getAllTasks
[2026-07-07 14:21:06] INFO : Employee Controller => getAllEmployees
[2026-07-07 14:21:06] INFO : Task Controller => getTaskById
[2026-07-07 14:25:33] INFO : Server Running On Port 5000
[2026-07-07 14:25:33] INFO : MySQL Connected Successfully
