[2026-07-06 00:08:25] INFO : Server Running On Port 5000
[2026-07-06 00:08:25] INFO : MySQL Connected Successfully
[2026-07-06 00:14:49] INFO : Employee Controller => getAllEmployees
[2026-07-06 00:14:49] INFO : Task Controller => getTaskById
[2026-07-06 00:15:10] INFO : Task Controller => getAllTasks
[2026-07-06 00:15:10] INFO : Notification Controller => getAllNotifications
[2026-07-06 00:15:14] INFO : Employee Controller => getAllEmployees
[2026-07-06 00:15:14] INFO : Task Controller => getTaskById
[2026-07-06 00:16:12] INFO : Employee Controller => getAllEmployees
[2026-07-06 00:16:12] INFO : Task Controller => getTaskById
[2026-07-06 00:22:49] INFO : Employee Controller => getAllEmployees
[2026-07-06 00:22:49] INFO : Task Controller => getTaskById
[2026-07-06 00:22:56] INFO : Notification Controller => getAllNotifications
[2026-07-06 00:22:57] INFO : Task Controller => getAllTasks
[2026-07-06 00:23:01] INFO : Employee Controller => getAllEmployees
[2026-07-06 00:23:01] INFO : Task Controller => getTaskById
[2026-07-06 00:24:33] INFO : Employee Controller => getAllEmployees
[2026-07-06 00:24:33] INFO : Task Controller => getTaskById
[2026-07-06 00:24:38] INFO : Notification Controller => getAllNotifications
[2026-07-06 00:24:38] INFO : Task Controller => getAllTasks
[2026-07-06 00:24:46] INFO : Employee Controller => getAllEmployees
[2026-07-06 00:24:46] INFO : Task Controller => getTaskById
[2026-07-06 00:25:25] INFO : Notification Controller => getAllNotifications
[2026-07-06 00:25:25] INFO : Task Controller => getAllTasks
[2026-07-06 00:25:29] INFO : Employee Controller => getAllEmployees
[2026-07-06 00:25:29] INFO : Task Controller => getTaskById
[2026-07-06 00:26:18] INFO : Employee Controller => getAllEmployees
[2026-07-06 00:26:18] INFO : Task Controller => getTaskById
[2026-07-06 00:28:30] INFO : Notification Controller => getAllNotifications
[2026-07-06 00:28:30] INFO : Task Controller => getAllTasks
[2026-07-06 00:28:37] INFO : Employee Controller => getAllEmployees
[2026-07-06 00:28:37] INFO : Task Controller => getTaskById
[2026-07-06 00:31:31] INFO : Task Controller => updateTask
[2026-07-06 00:32:43] INFO : Task Controller => getAllTasks
[2026-07-06 00:32:59] INFO : Task Controller => getTaskById
[2026-07-06 00:33:35] INFO : Task Controller => updateTask
[2026-07-06 00:41:43] INFO : Server Running On Port 5000
[2026-07-06 00:41:43] INFO : MySQL Connected Successfully
[2026-07-06 00:44:28] INFO : Server Running On Port 5000
[2026-07-06 00:44:28] INFO : MySQL Connected Successfully
[2026-07-06 00:50:41] INFO : Server Running On Port 5000
[2026-07-06 00:50:41] INFO : MySQL Connected Successfully
[2026-07-06 01:04:52] INFO : Employee Controller => getAllEmployees
[2026-07-06 01:04:52] INFO : Task Controller => getTaskById
[2026-07-06 01:05:01] INFO : Employee Controller => getAllEmployees
[2026-07-06 01:05:01] INFO : Task Controller => getTaskById
[2026-07-06 01:08:09] INFO : Notification Controller => getAllNotifications
[2026-07-06 01:08:09] INFO : Task Controller => getAllTasks
[2026-07-06 01:08:17] INFO : Employee Controller => getAllEmployees
[2026-07-06 01:08:17] INFO : Task Controller => getTaskById
[2026-07-06 01:08:52] INFO : Employee Controller => getAllEmployees
[2026-07-06 01:08:52] INFO : Task Controller => getTaskById
[2026-07-06 01:09:33] INFO : Employee Controller => getAllEmployees
[2026-07-06 01:09:33] INFO : Task Controller => getTaskById
[2026-07-06 01:10:35] INFO : Employee Controller => getAllEmployees
[2026-07-06 01:10:35] INFO : Task Controller => getTaskById
[2026-07-06 01:10:47] INFO : Task Controller => updateTask
[2026-07-06 01:10:54] INFO : Task Controller => getAllTasks
[2026-07-06 01:11:00] INFO : Notification Created For Task ID : 12
[2026-07-06 01:11:00] INFO : Employee Controller => getAllEmployees
[2026-07-06 01:11:00] INFO : Task Controller => getTaskById
[2026-07-06 01:19:42] INFO : Authentication Controller => register
[2026-07-06 01:20:12] INFO : Authentication Controller => login
[2026-07-06 01:20:14] INFO : Notification Controller => getAllNotifications
[2026-07-06 01:20:14] INFO : Dashboard Controller => getDashboard
[2026-07-06 01:20:28] INFO : Employee Controller => getAllEmployees
[2026-07-06 01:20:31] INFO : Task Controller => getAllTasks
[2026-07-06 01:20:35] INFO : Employee Controller => getAllEmployees
[2026-07-06 01:20:40] INFO : Employee Controller => getAllEmployees
[2026-07-06 01:21:52] INFO : Employee Controller =>  addEmployee
[2026-07-06 01:21:52] INFO : Employee Controller => getAllEmployees
[2026-07-06 02:20:16] INFO : Task Controller => getAllTasks
[2026-07-06 02:20:23] INFO : Employee Controller => getAllEmployees
[2026-07-06 02:20:34] INFO : Report Controller => taskReport
[2026-07-06 13:03:24] INFO : Authentication Controller => login
[2026-07-06 13:03:53] INFO : Employee Controller => getAllEmployees
[2026-07-06 13:04:00] INFO : Employee Controller => getEmployeeById
[2026-07-06 13:04:54] INFO : Employee Controller =>  addEmployee
[2026-07-06 13:05:11] INFO : Employee Controller => updateEmployee
[2026-07-06 13:05:25] INFO : Employee Controller => updateEmployeeStatus
[2026-07-06 13:05:35] INFO : Task Controller => getAllTasks
[2026-07-06 13:05:40] INFO : Task Controller => getTaskById
[2026-07-06 13:06:00] INFO : Task Controller => addTask
[2026-07-06 13:06:01] ERROR : Task Service => addTask : Cannot read properties of undefined (reading 'employee_id')
[2026-07-06 13:06:13] INFO : Task Controller => addTask
[2026-07-06 13:06:25] INFO : Task Controller => updateTask
[2026-07-06 13:06:53] INFO : Task Controller => updateTask
[2026-07-06 13:07:00] INFO : Task Controller => updateTask
[2026-07-06 13:07:08] INFO : Task Controller => updateTask
[2026-07-06 13:08:11] INFO : Task Controller => updateTask
[2026-07-06 13:08:25] INFO : Task Controller => updateTaskStatus
[2026-07-06 13:08:39] INFO : Dashboard Controller => getDashboard
[2026-07-06 13:08:50] INFO : Report Controller => taskReport
[2026-07-06 13:11:51] INFO : Notification Controller => getAllNotifications
[2026-07-06 13:11:51] INFO : Task Controller => getAllTasks
[2026-07-06 13:11:58] INFO : Employee Controller => getAllEmployees
[2026-07-06 13:12:03] INFO : Dashboard Controller => getDashboard
[2026-07-06 13:12:06] INFO : Employee Controller => getAllEmployees
[2026-07-06 13:12:11] INFO : Task Controller => getAllTasks
[2026-07-06 13:12:23] INFO : Report Controller => taskReport
[2026-07-06 13:12:28] INFO : Task Controller => getAllTasks
[2026-07-06 13:12:29] INFO : Employee Controller => getAllEmployees
[2026-07-06 13:12:31] INFO : Dashboard Controller => getDashboard
[2026-07-06 13:12:34] INFO : Employee Controller => getAllEmployees
[2026-07-06 13:12:47] INFO : Task Controller => getAllTasks
[2026-07-06 13:38:35] INFO : Employee Controller => getAllEmployees
[2026-07-06 13:39:28] INFO : Notification Controller => getAllNotifications
[2026-07-06 13:39:28] INFO : Employee Controller => getAllEmployees
[2026-07-06 13:41:18] INFO : Task Controller => getAllTasks
[2026-07-06 13:43:29] INFO : Notification Controller => getAllNotifications
[2026-07-06 13:43:29] INFO : Task Controller => getAllTasks
[2026-07-06 13:43:50] INFO : Task Controller => getAllTasks
[2026-07-06 13:44:08] INFO : Task Controller => getTaskById
[2026-07-06 13:47:58] INFO : Task Controller => getTaskById
[2026-07-06 13:48:11] INFO : Server Running On Port 5000
[2026-07-06 13:48:11] INFO : MySQL Connected Successfully
[2026-07-06 13:48:20] INFO : Task Controller => getAllTasks
[2026-07-06 13:48:20] ERROR : Task Controller => getAllTasks : TaskService.getAllTasks is not a function
[2026-07-06 13:48:34] INFO : Task Controller => getAllTasks
[2026-07-06 13:48:34] ERROR : Task Controller => getAllTasks : TaskService.getAllTasks is not a function
[2026-07-06 13:48:41] INFO : Task Controller => getTaskById
[2026-07-06 13:48:41] ERROR : Task Controller => getTaskById : TaskService.getTaskById is not a function
[2026-07-06 13:49:42] INFO : Task Controller => getAllTasks
[2026-07-06 13:49:42] ERROR : Task Controller => getAllTasks : TaskService.getAllTasks is not a function
[2026-07-06 13:50:39] INFO : Server Running On Port 5000
[2026-07-06 13:50:39] INFO : MySQL Connected Successfully
[2026-07-06 13:50:43] INFO : Task Controller => getAllTasks
[2026-07-06 13:51:02] INFO : Task Controller => getTaskById
[2026-07-06 13:51:02] ERROR : Task Service => getTaskById : tasks is not defined
[2026-07-06 13:51:05] INFO : Task Controller => getTaskById
[2026-07-06 13:51:05] ERROR : Task Service => getTaskById : tasks is not defined
[2026-07-06 13:51:39] INFO : Task Controller => getTaskById
[2026-07-06 13:51:39] ERROR : Task Service => getTaskById : tasks is not defined
[2026-07-06 13:52:31] INFO : Task Controller => getTaskById
[2026-07-06 13:52:31] ERROR : Task Service => getTaskById : tasks is not defined
[2026-07-06 13:53:52] INFO : Task Controller => getTaskById
[2026-07-06 13:53:52] ERROR : Task Service => getTaskById : tasks is not defined
[2026-07-06 13:54:01] INFO : Server Running On Port 5000
[2026-07-06 13:54:01] INFO : MySQL Connected Successfully
[2026-07-06 13:54:11] INFO : Task Controller => getTaskById
[2026-07-06 13:58:32] INFO : Server Running On Port 5000
[2026-07-06 13:58:32] INFO : MySQL Connected Successfully
[2026-07-06 13:58:40] INFO : Task Controller => getTaskById
[2026-07-06 13:58:40] ERROR : Task Service => getTaskById : tasks is not defined
[2026-07-06 13:59:50] INFO : Task Controller => getTaskById
[2026-07-06 13:59:50] ERROR : Task Service => getTaskById : tasks is not defined
[2026-07-06 14:02:19] INFO : Task Controller => getTaskById
[2026-07-06 14:02:19] ERROR : Task Service => getTaskById : tasks is not defined
[2026-07-06 14:02:28] INFO : Server Running On Port 5000
[2026-07-06 14:02:28] INFO : MySQL Connected Successfully
[2026-07-06 14:02:36] INFO : Task Controller => getAllTasks
[2026-07-06 14:02:45] INFO : Task Controller => getTaskById
[2026-07-06 14:03:23] INFO : Notification Controller => getAllNotifications
[2026-07-06 14:03:23] INFO : Task Controller => getAllTasks
[2026-07-06 14:05:55] INFO : Task Controller => getAllTasks
[2026-07-06 14:06:03] INFO : Task Controller => getTaskById
[2026-07-06 14:06:14] INFO : Server Running On Port 5000
[2026-07-06 14:06:14] INFO : MySQL Connected Successfully
[2026-07-06 14:06:19] INFO : Task Controller => getTaskById
[2026-07-06 14:07:09] INFO : Task Controller => getAllTasks
[2026-07-06 14:07:29] INFO : Task Controller => getAllTasks
[2026-07-06 14:07:40] INFO : Server Running On Port 5000
[2026-07-06 14:07:40] INFO : MySQL Connected Successfully
[2026-07-06 14:07:47] INFO : Task Controller => getAllTasks
[2026-07-06 14:08:11] INFO : Notification Controller => getAllNotifications
[2026-07-06 14:08:11] INFO : Task Controller => getAllTasks
[2026-07-06 14:08:17] INFO : Employee Controller => getAllEmployees
[2026-07-06 14:08:21] INFO : Task Controller => getAllTasks
[2026-07-06 14:08:35] INFO : Employee Controller => getAllEmployees
[2026-07-06 14:09:19] INFO : Task Controller => addTask
[2026-07-06 14:09:19] INFO : Task Controller => getAllTasks
[2026-07-06 14:10:00] INFO : Notification Created For Task ID : 14
[2026-07-06 17:25:20] INFO : Server Running On Port 5000
[2026-07-06 17:25:20] ERROR : Database Connection Failed : getaddrinfo ENOTFOUND mysql.railway.internal
[2026-07-06 17:26:00] ERROR : Cron Job Error : getaddrinfo ENOTFOUND mysql.railway.internal
[2026-07-06 17:26:06] INFO : Task Controller => getAllTasks
[2026-07-06 17:26:06] ERROR : Task Service => getAllTasks : getaddrinfo ENOTFOUND mysql.railway.internal
[2026-07-06 17:26:18] INFO : Task Controller => getTaskById
[2026-07-06 17:26:18] ERROR : Task Service => getTaskById : getaddrinfo ENOTFOUND mysql.railway.internal
[2026-07-06 17:27:00] ERROR : Cron Job Error : getaddrinfo ENOTFOUND mysql.railway.internal
[2026-07-06 17:27:35] INFO : Task Controller => getTaskById
[2026-07-06 17:27:35] ERROR : Task Service => getTaskById : getaddrinfo ENOTFOUND mysql.railway.internal
[2026-07-06 17:28:00] ERROR : Cron Job Error : getaddrinfo ENOTFOUND mysql.railway.internal
[2026-07-06 17:29:00] ERROR : Cron Job Error : getaddrinfo ENOTFOUND mysql.railway.internal
[2026-07-06 17:30:00] ERROR : Cron Job Error : getaddrinfo ENOTFOUND mysql.railway.internal
[2026-07-06 17:31:00] ERROR : Cron Job Error : getaddrinfo ENOTFOUND mysql.railway.internal
[2026-07-06 17:32:00] ERROR : Cron Job Error : getaddrinfo ENOTFOUND mysql.railway.internal
[2026-07-06 17:33:00] ERROR : Cron Job Error : getaddrinfo ENOTFOUND mysql.railway.internal
[2026-07-06 17:34:00] ERROR : Cron Job Error : getaddrinfo ENOTFOUND mysql.railway.internal
[2026-07-06 17:35:00] ERROR : Cron Job Error : getaddrinfo ENOTFOUND mysql.railway.internal
[2026-07-06 17:36:00] ERROR : Cron Job Error : getaddrinfo ENOTFOUND mysql.railway.internal
[2026-07-06 17:37:00] ERROR : Cron Job Error : getaddrinfo ENOTFOUND mysql.railway.internal
[2026-07-06 17:38:00] ERROR : Cron Job Error : getaddrinfo ENOTFOUND mysql.railway.internal
[2026-07-06 17:39:00] ERROR : Cron Job Error : getaddrinfo ENOTFOUND mysql.railway.internal
[2026-07-06 17:40:00] ERROR : Cron Job Error : getaddrinfo ENOTFOUND mysql.railway.internal
[2026-07-06 17:41:00] ERROR : Cron Job Error : getaddrinfo ENOTFOUND mysql.railway.internal
[2026-07-06 17:42:00] ERROR : Cron Job Error : getaddrinfo ENOTFOUND mysql.railway.internal
[2026-07-06 17:43:00] ERROR : Cron Job Error : getaddrinfo ENOTFOUND mysql.railway.internal
[2026-07-06 17:44:00] ERROR : Cron Job Error : getaddrinfo ENOTFOUND mysql.railway.internal
[2026-07-06 17:45:00] ERROR : Cron Job Error : getaddrinfo ENOTFOUND mysql.railway.internal
[2026-07-06 17:46:00] ERROR : Cron Job Error : getaddrinfo ENOTFOUND mysql.railway.internal
[2026-07-06 17:47:00] ERROR : Cron Job Error : getaddrinfo ENOTFOUND mysql.railway.internal
[2026-07-06 17:48:00] ERROR : Cron Job Error : getaddrinfo ENOTFOUND mysql.railway.internal
[2026-07-06 17:49:00] ERROR : Cron Job Error : getaddrinfo ENOTFOUND mysql.railway.internal
[2026-07-06 17:50:00] ERROR : Cron Job Error : getaddrinfo ENOTFOUND mysql.railway.internal
[2026-07-06 17:51:00] ERROR : Cron Job Error : getaddrinfo ENOTFOUND mysql.railway.internal
[2026-07-06 17:52:00] ERROR : Cron Job Error : getaddrinfo ENOTFOUND mysql.railway.internal
[2026-07-06 17:53:00] ERROR : Cron Job Error : getaddrinfo ENOTFOUND mysql.railway.internal
[2026-07-06 17:54:00] ERROR : Cron Job Error : getaddrinfo ENOTFOUND mysql.railway.internal
[2026-07-06 17:55:00] ERROR : Cron Job Error : getaddrinfo ENOTFOUND mysql.railway.internal
[2026-07-06 17:56:00] ERROR : Cron Job Error : getaddrinfo ENOTFOUND mysql.railway.internal
[2026-07-06 17:57:00] ERROR : Cron Job Error : getaddrinfo ENOTFOUND mysql.railway.internal
[2026-07-06 17:58:00] ERROR : Cron Job Error : getaddrinfo ENOTFOUND mysql.railway.internal
[2026-07-06 17:59:00] ERROR : Cron Job Error : getaddrinfo ENOTFOUND mysql.railway.internal
[2026-07-06 18:00:00] ERROR : Cron Job Error : getaddrinfo ENOTFOUND mysql.railway.internal
[2026-07-06 18:01:00] ERROR : Cron Job Error : getaddrinfo ENOTFOUND mysql.railway.internal
[2026-07-06 18:02:00] ERROR : Cron Job Error : getaddrinfo ENOTFOUND mysql.railway.internal
[2026-07-06 18:03:00] ERROR : Cron Job Error : getaddrinfo ENOTFOUND mysql.railway.internal
[2026-07-06 18:04:00] ERROR : Cron Job Error : getaddrinfo ENOTFOUND mysql.railway.internal
[2026-07-06 18:05:00] ERROR : Cron Job Error : getaddrinfo ENOTFOUND mysql.railway.internal
[2026-07-06 18:06:00] ERROR : Cron Job Error : getaddrinfo ENOTFOUND mysql.railway.internal
[2026-07-06 18:07:00] ERROR : Cron Job Error : getaddrinfo ENOTFOUND mysql.railway.internal
[2026-07-06 18:08:00] ERROR : Cron Job Error : getaddrinfo ENOTFOUND mysql.railway.internal
[2026-07-06 18:09:00] ERROR : Cron Job Error : getaddrinfo ENOTFOUND mysql.railway.internal
[2026-07-06 18:10:00] ERROR : Cron Job Error : getaddrinfo ENOTFOUND mysql.railway.internal
[2026-07-06 18:11:02] ERROR : Cron Job Error : getaddrinfo ENOTFOUND mysql.railway.internal
[2026-07-06 18:12:00] ERROR : Cron Job Error : getaddrinfo ENOTFOUND mysql.railway.internal
[2026-07-06 18:13:00] ERROR : Cron Job Error : getaddrinfo ENOTFOUND mysql.railway.internal
[2026-07-06 18:14:00] ERROR : Cron Job Error : getaddrinfo ENOTFOUND mysql.railway.internal
[2026-07-06 18:15:00] ERROR : Cron Job Error : getaddrinfo ENOTFOUND mysql.railway.internal
[2026-07-06 18:16:00] ERROR : Cron Job Error : getaddrinfo ENOTFOUND mysql.railway.internal
[2026-07-06 18:17:00] ERROR : Cron Job Error : getaddrinfo ENOTFOUND mysql.railway.internal
[2026-07-06 18:18:00] ERROR : Cron Job Error : getaddrinfo ENOTFOUND mysql.railway.internal
[2026-07-06 18:19:00] ERROR : Cron Job Error : getaddrinfo ENOTFOUND mysql.railway.internal
[2026-07-06 18:20:00] ERROR : Cron Job Error : getaddrinfo ENOTFOUND mysql.railway.internal
[2026-07-06 18:21:00] ERROR : Cron Job Error : getaddrinfo ENOTFOUND mysql.railway.internal
[2026-07-06 18:22:00] ERROR : Cron Job Error : getaddrinfo ENOTFOUND mysql.railway.internal
[2026-07-06 18:23:00] ERROR : Cron Job Error : getaddrinfo ENOTFOUND mysql.railway.internal
[2026-07-06 18:24:00] ERROR : Cron Job Error : getaddrinfo ENOTFOUND mysql.railway.internal
[2026-07-06 18:25:00] ERROR : Cron Job Error : getaddrinfo ENOTFOUND mysql.railway.internal
[2026-07-06 18:26:00] ERROR : Cron Job Error : getaddrinfo ENOTFOUND mysql.railway.internal
[2026-07-06 18:27:00] ERROR : Cron Job Error : getaddrinfo ENOTFOUND mysql.railway.internal
[2026-07-06 18:28:00] ERROR : Cron Job Error : getaddrinfo ENOTFOUND mysql.railway.internal
[2026-07-06 18:29:00] ERROR : Cron Job Error : getaddrinfo ENOTFOUND mysql.railway.internal
[2026-07-06 18:30:00] ERROR : Cron Job Error : getaddrinfo ENOTFOUND mysql.railway.internal
[2026-07-06 18:31:00] ERROR : Cron Job Error : getaddrinfo ENOTFOUND mysql.railway.internal
[2026-07-06 18:32:10] ERROR : Cron Job Error : connect ETIMEDOUT
[2026-07-06 18:33:10] ERROR : Cron Job Error : connect ETIMEDOUT
[2026-07-06 18:34:10] ERROR : Cron Job Error : connect ETIMEDOUT
[2026-07-06 18:35:10] ERROR : Cron Job Error : connect ETIMEDOUT
[2026-07-06 18:36:06] ERROR : Cron Job Error : getaddrinfo ENOTFOUND mysql.railway.internal
[2026-07-06 18:37:00] ERROR : Cron Job Error : getaddrinfo ENOTFOUND mysql.railway.internal
[2026-07-06 18:38:00] ERROR : Cron Job Error : getaddrinfo ENOTFOUND mysql.railway.internal
[2026-07-06 18:39:00] ERROR : Cron Job Error : getaddrinfo ENOTFOUND mysql.railway.internal
[2026-07-06 18:40:00] ERROR : Cron Job Error : getaddrinfo ENOTFOUND mysql.railway.internal
[2026-07-06 18:41:00] ERROR : Cron Job Error : getaddrinfo ENOTFOUND mysql.railway.internal
[2026-07-06 18:42:09] ERROR : Cron Job Error : getaddrinfo ENOTFOUND mysql.railway.internal
[2026-07-06 18:43:07] ERROR : Cron Job Error : getaddrinfo ENOTFOUND mysql.railway.internal
[2026-07-06 18:44:00] ERROR : Cron Job Error : getaddrinfo ENOTFOUND mysql.railway.internal
[2026-07-06 18:45:00] ERROR : Cron Job Error : getaddrinfo ENOTFOUND mysql.railway.internal
[2026-07-06 18:46:04] ERROR : Cron Job Error : getaddrinfo ENOTFOUND mysql.railway.internal
[2026-07-06 18:47:00] ERROR : Cron Job Error : getaddrinfo ENOTFOUND mysql.railway.internal
[2026-07-06 18:48:00] ERROR : Cron Job Error : getaddrinfo ENOTFOUND mysql.railway.internal
[2026-07-06 18:49:09] ERROR : Cron Job Error : getaddrinfo ENOTFOUND mysql.railway.internal
[2026-07-06 18:50:00] ERROR : Cron Job Error : getaddrinfo ENOTFOUND mysql.railway.internal
[2026-07-06 18:51:01] ERROR : Cron Job Error : getaddrinfo ENOTFOUND mysql.railway.internal
[2026-07-06 18:52:00] ERROR : Cron Job Error : getaddrinfo ENOTFOUND mysql.railway.internal
[2026-07-06 18:53:00] ERROR : Cron Job Error : getaddrinfo ENOTFOUND mysql.railway.internal
[2026-07-06 18:54:00] ERROR : Cron Job Error : getaddrinfo ENOTFOUND mysql.railway.internal
[2026-07-06 18:55:00] ERROR : Cron Job Error : getaddrinfo ENOTFOUND mysql.railway.internal
[2026-07-06 18:56:00] ERROR : Cron Job Error : getaddrinfo ENOTFOUND mysql.railway.internal
[2026-07-06 18:57:00] ERROR : Cron Job Error : getaddrinfo ENOTFOUND mysql.railway.internal
[2026-07-06 18:58:00] ERROR : Cron Job Error : getaddrinfo ENOTFOUND mysql.railway.internal
[2026-07-06 18:59:00] ERROR : Cron Job Error : getaddrinfo ENOTFOUND mysql.railway.internal
[2026-07-06 19:00:00] ERROR : Cron Job Error : getaddrinfo ENOTFOUND mysql.railway.internal
[2026-07-06 19:01:09] ERROR : Cron Job Error : getaddrinfo ENOTFOUND mysql.railway.internal
[2026-07-06 19:02:00] ERROR : Cron Job Error : getaddrinfo ENOTFOUND mysql.railway.internal
[2026-07-06 19:03:00] ERROR : Cron Job Error : getaddrinfo ENOTFOUND mysql.railway.internal
[2026-07-06 19:04:00] ERROR : Cron Job Error : getaddrinfo ENOTFOUND mysql.railway.internal
[2026-07-06 19:05:00] ERROR : Cron Job Error : getaddrinfo ENOTFOUND mysql.railway.internal
[2026-07-06 19:06:00] ERROR : Cron Job Error : getaddrinfo ENOTFOUND mysql.railway.internal
[2026-07-06 19:07:02] ERROR : Cron Job Error : getaddrinfo ENOTFOUND mysql.railway.internal
[2026-07-06 19:08:00] ERROR : Cron Job Error : getaddrinfo ENOTFOUND mysql.railway.internal
[2026-07-06 19:09:00] ERROR : Cron Job Error : getaddrinfo ENOTFOUND mysql.railway.internal
[2026-07-06 19:10:00] ERROR : Cron Job Error : getaddrinfo ENOTFOUND mysql.railway.internal
[2026-07-06 19:11:00] ERROR : Cron Job Error : getaddrinfo ENOTFOUND mysql.railway.internal
[2026-07-06 19:12:00] ERROR : Cron Job Error : getaddrinfo ENOTFOUND mysql.railway.internal
[2026-07-06 19:13:00] ERROR : Cron Job Error : getaddrinfo ENOTFOUND mysql.railway.internal
[2026-07-06 19:14:00] ERROR : Cron Job Error : getaddrinfo ENOTFOUND mysql.railway.internal
[2026-07-06 19:15:00] ERROR : Cron Job Error : getaddrinfo ENOTFOUND mysql.railway.internal
[2026-07-06 19:16:00] ERROR : Cron Job Error : getaddrinfo ENOTFOUND mysql.railway.internal
[2026-07-06 19:17:00] ERROR : Cron Job Error : getaddrinfo ENOTFOUND mysql.railway.internal
[2026-07-06 19:18:00] ERROR : Cron Job Error : getaddrinfo ENOTFOUND mysql.railway.internal
[2026-07-06 19:19:00] ERROR : Cron Job Error : getaddrinfo ENOTFOUND mysql.railway.internal
[2026-07-06 19:20:00] ERROR : Cron Job Error : getaddrinfo ENOTFOUND mysql.railway.internal
[2026-07-06 19:21:00] ERROR : Cron Job Error : getaddrinfo ENOTFOUND mysql.railway.internal
[2026-07-06 19:22:00] ERROR : Cron Job Error : getaddrinfo ENOTFOUND mysql.railway.internal
[2026-07-06 19:23:00] ERROR : Cron Job Error : getaddrinfo ENOTFOUND mysql.railway.internal
[2026-07-06 19:24:00] ERROR : Cron Job Error : getaddrinfo ENOTFOUND mysql.railway.internal
[2026-07-06 19:25:00] ERROR : Cron Job Error : getaddrinfo ENOTFOUND mysql.railway.internal
[2026-07-06 19:26:00] ERROR : Cron Job Error : getaddrinfo ENOTFOUND mysql.railway.internal
[2026-07-06 19:27:02] ERROR : Cron Job Error : getaddrinfo ENOTFOUND mysql.railway.internal
[2026-07-06 19:28:00] ERROR : Cron Job Error : getaddrinfo ENOTFOUND mysql.railway.internal
[2026-07-06 19:29:00] ERROR : Cron Job Error : getaddrinfo ENOTFOUND mysql.railway.internal
[2026-07-06 19:30:00] ERROR : Cron Job Error : getaddrinfo ENOTFOUND mysql.railway.internal
[2026-07-06 19:31:00] ERROR : Cron Job Error : getaddrinfo ENOTFOUND mysql.railway.internal
[2026-07-06 19:32:00] ERROR : Cron Job Error : getaddrinfo ENOTFOUND mysql.railway.internal
[2026-07-06 19:33:00] ERROR : Cron Job Error : getaddrinfo ENOTFOUND mysql.railway.internal
[2026-07-06 19:34:00] ERROR : Cron Job Error : getaddrinfo ENOTFOUND mysql.railway.internal
[2026-07-06 19:35:00] ERROR : Cron Job Error : getaddrinfo ENOTFOUND mysql.railway.internal
[2026-07-06 19:36:00] ERROR : Cron Job Error : getaddrinfo ENOTFOUND mysql.railway.internal
[2026-07-06 19:37:00] ERROR : Cron Job Error : getaddrinfo ENOTFOUND mysql.railway.internal
[2026-07-06 19:38:00] ERROR : Cron Job Error : getaddrinfo ENOTFOUND mysql.railway.internal
[2026-07-06 19:39:00] ERROR : Cron Job Error : getaddrinfo ENOTFOUND mysql.railway.internal
[2026-07-06 19:40:00] ERROR : Cron Job Error : getaddrinfo ENOTFOUND mysql.railway.internal
[2026-07-06 19:41:00] ERROR : Cron Job Error : getaddrinfo ENOTFOUND mysql.railway.internal
[2026-07-06 19:42:00] ERROR : Cron Job Error : getaddrinfo ENOTFOUND mysql.railway.internal
[2026-07-06 19:43:00] ERROR : Cron Job Error : getaddrinfo ENOTFOUND mysql.railway.internal
[2026-07-06 19:44:00] ERROR : Cron Job Error : getaddrinfo ENOTFOUND mysql.railway.internal
[2026-07-06 19:45:00] ERROR : Cron Job Error : getaddrinfo ENOTFOUND mysql.railway.internal
[2026-07-06 19:46:00] ERROR : Cron Job Error : getaddrinfo ENOTFOUND mysql.railway.internal
[2026-07-06 19:47:00] ERROR : Cron Job Error : getaddrinfo ENOTFOUND mysql.railway.internal
[2026-07-06 19:48:00] ERROR : Cron Job Error : getaddrinfo ENOTFOUND mysql.railway.internal
[2026-07-06 19:49:00] ERROR : Cron Job Error : getaddrinfo ENOTFOUND mysql.railway.internal
[2026-07-06 19:50:00] ERROR : Cron Job Error : getaddrinfo ENOTFOUND mysql.railway.internal
[2026-07-06 19:51:00] ERROR : Cron Job Error : getaddrinfo ENOTFOUND mysql.railway.internal
[2026-07-06 19:52:00] ERROR : Cron Job Error : getaddrinfo ENOTFOUND mysql.railway.internal
[2026-07-06 19:53:00] ERROR : Cron Job Error : getaddrinfo ENOTFOUND mysql.railway.internal
[2026-07-06 19:54:00] ERROR : Cron Job Error : getaddrinfo ENOTFOUND mysql.railway.internal
[2026-07-06 19:55:00] ERROR : Cron Job Error : getaddrinfo ENOTFOUND mysql.railway.internal
[2026-07-06 19:56:00] ERROR : Cron Job Error : getaddrinfo ENOTFOUND mysql.railway.internal
[2026-07-06 19:57:00] ERROR : Cron Job Error : getaddrinfo ENOTFOUND mysql.railway.internal
[2026-07-06 19:58:00] ERROR : Cron Job Error : getaddrinfo ENOTFOUND mysql.railway.internal
[2026-07-06 19:59:00] ERROR : Cron Job Error : getaddrinfo ENOTFOUND mysql.railway.internal
[2026-07-06 20:00:00] ERROR : Cron Job Error : getaddrinfo ENOTFOUND mysql.railway.internal
[2026-07-06 20:01:00] ERROR : Cron Job Error : getaddrinfo ENOTFOUND mysql.railway.internal
[2026-07-06 20:02:01] ERROR : Cron Job Error : getaddrinfo ENOTFOUND mysql.railway.internal
[2026-07-06 20:03:00] ERROR : Cron Job Error : getaddrinfo ENOTFOUND mysql.railway.internal
[2026-07-06 20:04:00] ERROR : Cron Job Error : getaddrinfo ENOTFOUND mysql.railway.internal
[2026-07-06 20:05:00] ERROR : Cron Job Error : getaddrinfo ENOTFOUND mysql.railway.internal
[2026-07-06 20:06:00] ERROR : Cron Job Error : getaddrinfo ENOTFOUND mysql.railway.internal
[2026-07-06 20:07:00] ERROR : Cron Job Error : getaddrinfo ENOTFOUND mysql.railway.internal
[2026-07-06 20:08:00] ERROR : Cron Job Error : getaddrinfo ENOTFOUND mysql.railway.internal
[2026-07-06 20:09:00] ERROR : Cron Job Error : getaddrinfo ENOTFOUND mysql.railway.internal
[2026-07-06 20:10:00] ERROR : Cron Job Error : getaddrinfo ENOTFOUND mysql.railway.internal
[2026-07-06 20:11:00] ERROR : Cron Job Error : getaddrinfo ENOTFOUND mysql.railway.internal
[2026-07-06 20:12:00] ERROR : Cron Job Error : getaddrinfo ENOTFOUND mysql.railway.internal
[2026-07-06 20:13:00] ERROR : Cron Job Error : getaddrinfo ENOTFOUND mysql.railway.internal
[2026-07-06 20:14:02] ERROR : Cron Job Error : getaddrinfo ENOTFOUND mysql.railway.internal
[2026-07-06 20:15:00] ERROR : Cron Job Error : getaddrinfo ENOTFOUND mysql.railway.internal
[2026-07-06 20:16:00] ERROR : Cron Job Error : getaddrinfo ENOTFOUND mysql.railway.internal
[2026-07-06 20:17:00] ERROR : Cron Job Error : getaddrinfo ENOTFOUND mysql.railway.internal
[2026-07-06 20:18:00] ERROR : Cron Job Error : getaddrinfo ENOTFOUND mysql.railway.internal
[2026-07-06 20:19:00] ERROR : Cron Job Error : getaddrinfo ENOTFOUND mysql.railway.internal
[2026-07-06 20:20:01] ERROR : Cron Job Error : getaddrinfo ENOTFOUND mysql.railway.internal
[2026-07-06 20:21:00] ERROR : Cron Job Error : getaddrinfo ENOTFOUND mysql.railway.internal
[2026-07-06 20:22:00] ERROR : Cron Job Error : getaddrinfo ENOTFOUND mysql.railway.internal
[2026-07-06 20:23:00] ERROR : Cron Job Error : getaddrinfo ENOTFOUND mysql.railway.internal
[2026-07-06 20:24:00] ERROR : Cron Job Error : getaddrinfo ENOTFOUND mysql.railway.internal
[2026-07-06 20:25:02] ERROR : Cron Job Error : getaddrinfo ENOTFOUND mysql.railway.internal
[2026-07-06 20:26:00] ERROR : Cron Job Error : getaddrinfo ENOTFOUND mysql.railway.internal
[2026-07-06 20:27:00] ERROR : Cron Job Error : getaddrinfo ENOTFOUND mysql.railway.internal
[2026-07-06 20:28:00] ERROR : Cron Job Error : getaddrinfo ENOTFOUND mysql.railway.internal
[2026-07-06 20:29:00] ERROR : Cron Job Error : getaddrinfo ENOTFOUND mysql.railway.internal
[2026-07-06 20:30:00] ERROR : Cron Job Error : getaddrinfo ENOTFOUND mysql.railway.internal
[2026-07-06 20:31:00] ERROR : Cron Job Error : getaddrinfo ENOTFOUND mysql.railway.internal
[2026-07-06 20:32:00] ERROR : Cron Job Error : getaddrinfo ENOTFOUND mysql.railway.internal
[2026-07-06 20:33:00] ERROR : Cron Job Error : getaddrinfo ENOTFOUND mysql.railway.internal
[2026-07-06 20:34:00] ERROR : Cron Job Error : getaddrinfo ENOTFOUND mysql.railway.internal
[2026-07-06 20:35:00] ERROR : Cron Job Error : getaddrinfo ENOTFOUND mysql.railway.internal
[2026-07-06 20:36:00] ERROR : Cron Job Error : getaddrinfo ENOTFOUND mysql.railway.internal
[2026-07-06 20:37:00] ERROR : Cron Job Error : getaddrinfo ENOTFOUND mysql.railway.internal
[2026-07-06 20:38:00] ERROR : Cron Job Error : getaddrinfo ENOTFOUND mysql.railway.internal
[2026-07-06 20:39:00] ERROR : Cron Job Error : getaddrinfo ENOTFOUND mysql.railway.internal
[2026-07-06 20:40:00] ERROR : Cron Job Error : getaddrinfo ENOTFOUND mysql.railway.internal
[2026-07-06 20:41:00] ERROR : Cron Job Error : getaddrinfo ENOTFOUND mysql.railway.internal
[2026-07-06 20:42:00] ERROR : Cron Job Error : getaddrinfo ENOTFOUND mysql.railway.internal
[2026-07-06 20:43:00] ERROR : Cron Job Error : getaddrinfo ENOTFOUND mysql.railway.internal
[2026-07-06 20:44:00] ERROR : Cron Job Error : getaddrinfo ENOTFOUND mysql.railway.internal
[2026-07-06 20:45:00] ERROR : Cron Job Error : getaddrinfo ENOTFOUND mysql.railway.internal
[2026-07-06 20:46:00] ERROR : Cron Job Error : getaddrinfo ENOTFOUND mysql.railway.internal
[2026-07-06 20:47:00] ERROR : Cron Job Error : getaddrinfo ENOTFOUND mysql.railway.internal
[2026-07-06 20:48:00] ERROR : Cron Job Error : getaddrinfo ENOTFOUND mysql.railway.internal
[2026-07-06 20:49:00] ERROR : Cron Job Error : getaddrinfo ENOTFOUND mysql.railway.internal
[2026-07-06 20:50:00] ERROR : Cron Job Error : getaddrinfo ENOTFOUND mysql.railway.internal
[2026-07-06 20:51:00] ERROR : Cron Job Error : getaddrinfo ENOTFOUND mysql.railway.internal
[2026-07-06 20:52:00] ERROR : Cron Job Error : getaddrinfo ENOTFOUND mysql.railway.internal
[2026-07-06 20:53:00] ERROR : Cron Job Error : getaddrinfo ENOTFOUND mysql.railway.internal
[2026-07-06 20:54:00] ERROR : Cron Job Error : getaddrinfo ENOTFOUND mysql.railway.internal
[2026-07-06 20:55:00] ERROR : Cron Job Error : getaddrinfo ENOTFOUND mysql.railway.internal
[2026-07-06 20:56:00] ERROR : Cron Job Error : getaddrinfo ENOTFOUND mysql.railway.internal
[2026-07-06 20:57:00] ERROR : Cron Job Error : getaddrinfo ENOTFOUND mysql.railway.internal
[2026-07-06 20:58:00] ERROR : Cron Job Error : getaddrinfo ENOTFOUND mysql.railway.internal
[2026-07-06 20:59:02] ERROR : Cron Job Error : getaddrinfo ENOTFOUND mysql.railway.internal
[2026-07-06 21:00:00] ERROR : Cron Job Error : getaddrinfo ENOTFOUND mysql.railway.internal
[2026-07-06 23:37:00] ERROR : Cron Job Error : getaddrinfo ENOTFOUND mysql.railway.internal
[2026-07-06 23:38:00] ERROR : Cron Job Error : getaddrinfo ENOTFOUND mysql.railway.internal
[2026-07-06 23:39:03] ERROR : Cron Job Error : getaddrinfo ENOTFOUND mysql.railway.internal
[2026-07-06 23:40:00] ERROR : Cron Job Error : getaddrinfo ENOTFOUND mysql.railway.internal
[2026-07-06 23:41:00] ERROR : Cron Job Error : getaddrinfo ENOTFOUND mysql.railway.internal
[2026-07-06 23:42:00] ERROR : Cron Job Error : getaddrinfo ENOTFOUND mysql.railway.internal
[2026-07-06 23:43:00] ERROR : Cron Job Error : getaddrinfo ENOTFOUND mysql.railway.internal
[2026-07-06 23:44:00] ERROR : Cron Job Error : getaddrinfo ENOTFOUND mysql.railway.internal
[2026-07-06 23:45:00] ERROR : Cron Job Error : getaddrinfo ENOTFOUND mysql.railway.internal
[2026-07-06 23:46:00] ERROR : Cron Job Error : getaddrinfo ENOTFOUND mysql.railway.internal
[2026-07-06 23:47:00] ERROR : Cron Job Error : getaddrinfo ENOTFOUND mysql.railway.internal
[2026-07-06 23:48:00] ERROR : Cron Job Error : getaddrinfo ENOTFOUND mysql.railway.internal
[2026-07-06 23:49:00] ERROR : Cron Job Error : getaddrinfo ENOTFOUND mysql.railway.internal
[2026-07-06 23:50:00] ERROR : Cron Job Error : getaddrinfo ENOTFOUND mysql.railway.internal
[2026-07-06 23:51:00] ERROR : Cron Job Error : getaddrinfo ENOTFOUND mysql.railway.internal
[2026-07-06 23:52:00] ERROR : Cron Job Error : getaddrinfo ENOTFOUND mysql.railway.internal
[2026-07-06 23:54:29] INFO : Server Running On Port 5000
[2026-07-06 23:54:29] ERROR : Database Connection Failed : getaddrinfo ENOTFOUND mysql.railway.internal
[2026-07-06 23:55:00] ERROR : Cron Job Error : getaddrinfo ENOTFOUND mysql.railway.internal
[2026-07-06 23:56:00] ERROR : Cron Job Error : getaddrinfo ENOTFOUND mysql.railway.internal
[2026-07-06 23:57:00] ERROR : Cron Job Error : getaddrinfo ENOTFOUND mysql.railway.internal
[2026-07-06 23:58:00] ERROR : Cron Job Error : getaddrinfo ENOTFOUND mysql.railway.internal
[2026-07-06 23:59:00] ERROR : Cron Job Error : getaddrinfo ENOTFOUND mysql.railway.internal
